(node:11620) Warning: Setting the NODE_TLS_REJECT_UNAUTHORIZED environment variable to '0' makes TLS connections and HTTPS requests insecure by disabling certificate verification.
(Use `node --trace-warnings ...` to show where the warning was created)
[GmailAPI] request failed: messages.list {
  workspaceId: 'usr_super_admin_1783323507243',
  message: 'User-rate limit exceeded.  Retry after 2026-07-08T07:50:56.367Z'
}
[RateLimit:gmail_api] {"source":"gmail_api","service":"gmail_api","context":{"operation":"users.messages.list","workspaceId":"usr_super_admin_1783323507243"},"message":"User-rate limit exceeded.  Retry after 2026-07-08T07:50:56.367Z","status":429,"code":429,"reason":"rateLimitExceeded","retryAfter":"2026-07-08T07:50:56.367Z","errors":[{"message":"User-rate limit exceeded.  Retry after 2026-07-08T07:50:56.367Z","domain":"global","reason":"rateLimitExceeded"}],"responseData":{"error":{"code":429,"message":"User-rate limit exceeded.  Retry after 2026-07-08T07:50:56.367Z","errors":[{"message":"User-rate limit exceeded.  Retry after 2026-07-08T07:50:56.367Z","domain":"global","reason":"rateLimitExceeded"}],"status":"RESOURCE_EXHAUSTED"}},"stack":"Error: User-rate limit exceeded.  Retry after 2026-07-08T07:50:56.367Z\n    at Gaxios._request (C:\\AI-LeadGen-system\\backend\\node_modules\\gaxios\\build\\cjs\\src\\gaxios.js:155:23)\n    at process.processTicksAndRejections (node:internal/process/task_queues:104:5)\n    at async OAuth2Client.requestAsync (C:\\AI-LeadGen-system\\backend\\node_modules\\googleapis-common\\node_modules\\google-auth-library\\build\\src\\auth\\oauth2client.js:463:20)\n    at async createAPIRequestAsync (C:\\AI-LeadGen-system\\backend\\node_modules\\googleapis-common\\build\\src\\apirequest.js:308:25)\n    at async runGmailOperation.priority (C:\\AI-LeadGen-system\\backend\\services\\emailInboxService.js:334:17)\n    at async AccountGmailQueue.drain (C:\\AI-LeadGen-system\\backend\\utils\\gmailApiQueue.js:142:24)"}
[RateLimit:gmail_api] {"source":"gmail_api","service":"gmail_api","context":{"accountKey":"leadflow.my@gmail.com","action":"gmail_queue_paused","pausedUntil":"2026-07-08T07:40:56.403Z"},"message":"User-rate limit exceeded.  Retry after 2026-07-08T07:50:56.367Z","status":429,"code":429,"reason":null,"retryAfter":"2026-07-08T07:50:56.367Z","errors":null,"responseData":null,"stack":"Error: User-rate limit exceeded.  Retry after 2026-07-08T07:50:56.367Z\n    at enrichExternalError (C:\\AI-LeadGen-system\\backend\\utils\\externalApiErrors.js:108:20)\n    at runGmailOperation.priority (C:\\AI-LeadGen-system\\backend\\services\\emailInboxService.js:343:13)\n    at process.processTicksAndRejections (node:internal/process/task_queues:104:5)\n    at async AccountGmailQueue.drain (C:\\AI-LeadGen-system\\backend\\utils\\gmailApiQueue.js:142:24)"}
[EmailInbox] Gmail API sync failed; falling back to IMAP: User-rate limit exceeded.  Retry after 2026-07-08T07:50:56.367Z
[EmailInbox] No lead/contact found for sender noreply@supabase.com, skipping
[EmailInbox] No lead/contact found for sender google-noreply@google.com, skipping
[EmailInbox] No lead/contact found for sender leadflow.my@gmail.com, skipping
[EmailInbox] No lead/contact found for sender leadflow.my@gmail.com, skipping
[EmailInbox] No lead/contact found for sender noreply@supabase.com, skipping
[GmailAPI] request failed: messages.list {
  workspaceId: 'usr_super_admin_1783323507243',
  message: 'User-rate limit exceeded.  Retry after 2026-07-08T07:56:01.668Z'
}
[RateLimit:gmail_api] {"source":"gmail_api","service":"gmail_api","context":{"operation":"users.messages.list","workspaceId":"usr_super_admin_1783323507243"},"message":"User-rate limit exceeded.  Retry after 2026-07-08T07:56:01.668Z","status":429,"code":429,"reason":"rateLimitExceeded","retryAfter":"2026-07-08T07:56:01.668Z","errors":[{"message":"User-rate limit exceeded.  Retry after 2026-07-08T07:56:01.668Z","domain":"global","reason":"rateLimitExceeded"}],"responseData":{"error":{"code":429,"message":"User-rate limit exceeded.  Retry after 2026-07-08T07:56:01.668Z","errors":[{"message":"User-rate limit exceeded.  Retry after 2026-07-08T07:56:01.668Z","domain":"global","reason":"rateLimitExceeded"}],"status":"RESOURCE_EXHAUSTED"}},"stack":"Error: User-rate limit exceeded.  Retry after 2026-07-08T07:56:01.668Z\n    at Gaxios._request (C:\\AI-LeadGen-system\\backend\\node_modules\\gaxios\\build\\cjs\\src\\gaxios.js:155:23)\n    at process.processTicksAndRejections (node:internal/process/task_queues:104:5)\n    at async OAuth2Client.requestAsync (C:\\AI-LeadGen-system\\backend\\node_modules\\googleapis-common\\node_modules\\google-auth-library\\build\\src\\auth\\oauth2client.js:463:20)\n    at async createAPIRequestAsync (C:\\AI-LeadGen-system\\backend\\node_modules\\googleapis-common\\build\\src\\apirequest.js:308:25)\n    at async runGmailOperation.priority (C:\\AI-LeadGen-system\\backend\\services\\emailInboxService.js:334:17)\n    at async AccountGmailQueue.drain (C:\\AI-LeadGen-system\\backend\\utils\\gmailApiQueue.js:142:24)"}
[RateLimit:gmail_api] {"source":"gmail_api","service":"gmail_api","context":{"accountKey":"leadflow.my@gmail.com","action":"gmail_queue_paused","pausedUntil":"2026-07-08T07:46:01.696Z"},"message":"User-rate limit exceeded.  Retry after 2026-07-08T07:56:01.668Z","status":429,"code":429,"reason":null,"retryAfter":"2026-07-08T07:56:01.668Z","errors":null,"responseData":null,"stack":"Error: User-rate limit exceeded.  Retry after 2026-07-08T07:56:01.668Z\n    at enrichExternalError (C:\\AI-LeadGen-system\\backend\\utils\\externalApiErrors.js:108:20)\n    at runGmailOperation.priority (C:\\AI-LeadGen-system\\backend\\services\\emailInboxService.js:343:13)\n    at process.processTicksAndRejections (node:internal/process/task_queues:104:5)\n    at async AccountGmailQueue.drain (C:\\AI-LeadGen-system\\backend\\utils\\gmailApiQueue.js:142:24)"}
[EmailInbox] Gmail API sync failed; falling back to IMAP: User-rate limit exceeded.  Retry after 2026-07-08T07:56:01.668Z
[EmailInbox] No lead/contact found for sender noreply@supabase.com, skipping
[EmailInbox] No lead/contact found for sender google-noreply@google.com, skipping
[EmailInbox] No lead/contact found for sender leadflow.my@gmail.com, skipping
[EmailInbox] No lead/contact found for sender leadflow.my@gmail.com, skipping
[EmailInbox] No lead/contact found for sender noreply@supabase.com, skipping
[GmailAPI] request failed: messages.list {
  workspaceId: 'usr_super_admin_1783323507243',
  message: 'User-rate limit exceeded.  Retry after 2026-07-08T08:01:06.619Z'
}
[RateLimit:gmail_api] {"source":"gmail_api","service":"gmail_api","context":{"operation":"users.messages.list","workspaceId":"usr_super_admin_1783323507243"},"message":"User-rate limit exceeded.  Retry after 2026-07-08T08:01:06.619Z","status":429,"code":429,"reason":"rateLimitExceeded","retryAfter":"2026-07-08T08:01:06.619Z","errors":[{"message":"User-rate limit exceeded.  Retry after 2026-07-08T08:01:06.619Z","domain":"global","reason":"rateLimitExceeded"}],"responseData":{"error":{"code":429,"message":"User-rate limit exceeded.  Retry after 2026-07-08T08:01:06.619Z","errors":[{"message":"User-rate limit exceeded.  Retry after 2026-07-08T08:01:06.619Z","domain":"global","reason":"rateLimitExceeded"}],"status":"RESOURCE_EXHAUSTED"}},"stack":"Error: User-rate limit exceeded.  Retry after 2026-07-08T08:01:06.619Z\n    at Gaxios._request (C:\\AI-LeadGen-system\\backend\\node_modules\\gaxios\\build\\cjs\\src\\gaxios.js:155:23)\n    at process.processTicksAndRejections (node:internal/process/task_queues:104:5)\n    at async OAuth2Client.requestAsync (C:\\AI-LeadGen-system\\backend\\node_modules\\googleapis-common\\node_modules\\google-auth-library\\build\\src\\auth\\oauth2client.js:463:20)\n    at async createAPIRequestAsync (C:\\AI-LeadGen-system\\backend\\node_modules\\googleapis-common\\build\\src\\apirequest.js:308:25)\n    at async runGmailOperation.priority (C:\\AI-LeadGen-system\\backend\\services\\emailInboxService.js:334:17)\n    at async AccountGmailQueue.drain (C:\\AI-LeadGen-system\\backend\\utils\\gmailApiQueue.js:142:24)"}
[RateLimit:gmail_api] {"source":"gmail_api","service":"gmail_api","context":{"accountKey":"leadflow.my@gmail.com","action":"gmail_queue_paused","pausedUntil":"2026-07-08T07:51:06.712Z"},"message":"User-rate limit exceeded.  Retry after 2026-07-08T08:01:06.619Z","status":429,"code":429,"reason":null,"retryAfter":"2026-07-08T08:01:06.619Z","errors":null,"responseData":null,"stack":"Error: User-rate limit exceeded.  Retry after 2026-07-08T08:01:06.619Z\n    at enrichExternalError (C:\\AI-LeadGen-system\\backend\\utils\\externalApiErrors.js:108:20)\n    at runGmailOperation.priority (C:\\AI-LeadGen-system\\backend\\services\\emailInboxService.js:343:13)\n    at process.processTicksAndRejections (node:internal/process/task_queues:104:5)\n    at async AccountGmailQueue.drain (C:\\AI-LeadGen-system\\backend\\utils\\gmailApiQueue.js:142:24)"}
[EmailInbox] Gmail API sync failed; falling back to IMAP: User-rate limit exceeded.  Retry after 2026-07-08T08:01:06.619Z
[EmailInbox] No lead/contact found for sender noreply@supabase.com, skipping
[EmailInbox] No lead/contact found for sender google-noreply@google.com, skipping
[EmailInbox] No lead/contact found for sender leadflow.my@gmail.com, skipping
[EmailInbox] No lead/contact found for sender leadflow.my@gmail.com, skipping
[EmailInbox] No lead/contact found for sender noreply@supabase.com, skipping
